Ae_aeg_Aag2.rn.fmt.blastx.filtred.bed.fasta.db_filter.blastx.filtred.concat.nr.vir.tax.bed.merge.fmt.fasta.noTEs.fasta.tax
Ae_aeg_BV.rn.fmt.blastx.filtred.bed.fasta.db_filter.blastx.filtred.concat.nr.vir.tax.bed.merge.fmt.fasta.noTEs.fasta.tax
Ae_aeg_L5.rn.fmt.blastx.filtred.bed.fasta.db_filter.blastx.filtred.concat.nr.vir.tax.bed.merge.fmt.fasta.noTEs.fasta.tax
Ae_alb_Canu.rn.fmt.blastx.filtred.bed.fasta.db_filter.blastx.filtred.concat.nr.vir.tax.bed.merge.fmt.fasta.noTEs.fasta.tax
Ae_alb_F1.rn.fmt.blastx.filtred.bed.fasta.db_filter.blastx.filtred.concat.nr.vir.tax.bed.merge.fmt.fasta.noTEs.fasta.tax
Ae_alb_FPA.rn.fmt.blastx.filtred.bed.fasta.db_filter.blastx.filtred.concat.nr.vir.tax.bed.merge.fmt.fasta.noTEs.fasta.tax
Ae_alb_R1.rn.fmt.blastx.filtred.bed.fasta.db_filter.blastx.filtred.concat.nr.vir.tax.bed.merge.fmt.fasta.noTEs.fasta.tax
An_alb_S2.rn.fmt.blastx.filtred.bed.fasta.db_filter.blastx.filtred.concat.nr.vir.tax.bed.merge.fmt.fasta.noTEs.fasta.tax
An_aqua_v1.rn.fmt.blastx.filtred.bed.fasta.db_filter.blastx.filtred.concat.nr.vir.tax.bed.merge.fmt.fasta.noTEs.fasta.tax
An_ara_D1.rn.fmt.blastx.filtred.bed.fasta.db_filter.blastx.filtred.concat.nr.vir.tax.bed.merge.fmt.fasta.noTEs.fasta.tax
An_atr_E3.rn.fmt.blastx.filtred.bed.fasta.db_filter.blastx.filtred.concat.nr.vir.tax.bed.merge.fmt.fasta.noTEs.fasta.tax
An_bwa_2.rn.fmt.blastx.filtred.bed.fasta.db_filter.blastx.filtred.concat.nr.vir.tax.bed.merge.fmt.fasta.noTEs.fasta.tax
An_chr_A1.rn.fmt.blastx.filtred.bed.fasta.db_filter.blastx.filtred.concat.nr.vir.tax.bed.merge.fmt.fasta.noTEs.fasta.tax
An_col_M1.rn.fmt.blastx.filtred.bed.fasta.db_filter.blastx.filtred.concat.nr.vir.tax.bed.merge.fmt.fasta.noTEs.fasta.tax
An_col_Ng.rn.fmt.blastx.filtred.bed.fasta.db_filter.blastx.filtred.concat.nr.vir.tax.bed.merge.fmt.fasta.noTEs.fasta.tax
An_cra_4v1.rn.fmt.blastx.filtred.bed.fasta.db_filter.blastx.filtred.concat.nr.vir.tax.bed.merge.fmt.fasta.noTEs.fasta.tax
An_cul_A1.rn.fmt.blastx.filtred.bed.fasta.db_filter.blastx.filtred.concat.nr.vir.tax.bed.merge.fmt.fasta.noTEs.fasta.tax
An_dar_C3.rn.fmt.blastx.filtred.bed.fasta.db_filter.blastx.filtred.concat.nr.vir.tax.bed.merge.fmt.fasta.noTEs.fasta.tax
An_dir_W1.rn.fmt.blastx.filtred.bed.fasta.db_filter.blastx.filtred.concat.nr.vir.tax.bed.merge.fmt.fasta.noTEs.fasta.tax
An_epi_E1.rn.fmt.blastx.filtred.bed.fasta.db_filter.blastx.filtred.concat.nr.vir.tax.bed.merge.fmt.fasta.noTEs.fasta.tax
An_far_F2.rn.fmt.blastx.filtred.bed.fasta.db_filter.blastx.filtred.concat.nr.vir.tax.bed.merge.fmt.fasta.noTEs.fasta.tax
An_far_wgs1.rn.fmt.blastx.filtred.bed.fasta.db_filter.blastx.filtred.concat.nr.vir.tax.bed.merge.fmt.fasta.noTEs.fasta.tax
An_fon_9v1.rn.fmt.blastx.filtred.bed.fasta.db_filter.blastx.filtred.concat.nr.vir.tax.bed.merge.fmt.fasta.noTEs.fasta.tax
An_fun_F3.rn.fmt.blastx.filtred.bed.fasta.db_filter.blastx.filtred.concat.nr.vir.tax.bed.merge.fmt.fasta.noTEs.fasta.tax
An_fun_Fv1.rn.fmt.blastx.filtred.bed.fasta.db_filter.blastx.filtred.concat.nr.vir.tax.bed.merge.fmt.fasta.noTEs.fasta.tax
An_gam_BV.rn.fmt.blastx.filtred.bed.fasta.db_filter.blastx.filtred.concat.nr.vir.tax.bed.merge.fmt.fasta.noTEs.fasta.tax
An_gam_p4.rn.fmt.blastx.filtred.bed.fasta.db_filter.blastx.filtred.concat.nr.vir.tax.bed.merge.fmt.fasta.noTEs.fasta.tax
An_gam_pims.rn.fmt.blastx.filtred.bed.fasta.db_filter.blastx.filtred.concat.nr.vir.tax.bed.merge.fmt.fasta.noTEs.fasta.tax
An_gam_s1.rn.fmt.blastx.filtred.bed.fasta.db_filter.blastx.filtred.concat.nr.vir.tax.bed.merge.fmt.fasta.noTEs.fasta.tax
An_kol_7v1.rn.fmt.blastx.filtred.bed.fasta.db_filter.blastx.filtred.concat.nr.vir.tax.bed.merge.fmt.fasta.noTEs.fasta.tax
An_mac_BtQ1.rn.fmt.blastx.filtred.bed.fasta.db_filter.blastx.filtred.concat.nr.vir.tax.bed.merge.fmt.fasta.noTEs.fasta.tax
An_mac_M1.rn.fmt.blastx.filtred.bed.fasta.db_filter.blastx.filtred.concat.nr.vir.tax.bed.merge.fmt.fasta.noTEs.fasta.tax
An_mel_C2.rn.fmt.blastx.filtred.bed.fasta.db_filter.blastx.filtred.concat.nr.vir.tax.bed.merge.fmt.fasta.noTEs.fasta.tax
An_mer_M2.rn.fmt.blastx.filtred.bed.fasta.db_filter.blastx.filtred.concat.nr.vir.tax.bed.merge.fmt.fasta.noTEs.fasta.tax
An_min_M1.rn.fmt.blastx.filtred.bed.fasta.db_filter.blastx.filtred.concat.nr.vir.tax.bed.merge.fmt.fasta.noTEs.fasta.tax
An_nil_1.rn.fmt.blastx.filtred.bed.fasta.db_filter.blastx.filtred.concat.nr.vir.tax.bed.merge.fmt.fasta.noTEs.fasta.tax
An_pun_5v1.rn.fmt.blastx.filtred.bed.fasta.db_filter.blastx.filtred.concat.nr.vir.tax.bed.merge.fmt.fasta.noTEs.fasta.tax
An_qua_S1.rn.fmt.blastx.filtred.bed.fasta.db_filter.blastx.filtred.concat.nr.vir.tax.bed.merge.fmt.fasta.noTEs.fasta.tax
An_sin_C2.rn.fmt.blastx.filtred.bed.fasta.db_filter.blastx.filtred.concat.nr.vir.tax.bed.merge.fmt.fasta.noTEs.fasta.tax
An_sin_S2.rn.fmt.blastx.filtred.bed.fasta.db_filter.blastx.filtred.concat.nr.vir.tax.bed.merge.fmt.fasta.noTEs.fasta.tax
An_ste_5v2.rn.fmt.blastx.filtred.bed.fasta.db_filter.blastx.filtred.concat.nr.vir.tax.bed.merge.fmt.fasta.noTEs.fasta.tax
An_ste_7v2.rn.fmt.blastx.filtred.bed.fasta.db_filter.blastx.filtred.concat.nr.vir.tax.bed.merge.fmt.fasta.noTEs.fasta.tax
An_ste_Astel2.rn.fmt.blastx.filtred.bed.fasta.db_filter.blastx.filtred.concat.nr.vir.tax.bed.merge.fmt.fasta.noTEs.fasta.tax
An_ste_S1.rn.fmt.blastx.filtred.bed.fasta.db_filter.blastx.filtred.concat.nr.vir.tax.bed.merge.fmt.fasta.noTEs.fasta.tax
An_ste_UCI.rn.fmt.blastx.filtred.bed.fasta.db_filter.blastx.filtred.concat.nr.vir.tax.bed.merge.fmt.fasta.noTEs.fasta.tax
Cx_qui_J2.rn.fmt.blastx.filtred.bed.fasta.db_filter.blastx.filtred.concat.nr.vir.tax.bed.merge.fmt.fasta.noTEs.fasta.tax
Cx_tar_K1.rn.fmt.blastx.filtred.bed.fasta.db_filter.blastx.filtred.concat.nr.vir.tax.bed.merge.fmt.fasta.noTEs.fasta.tax
